'Erdos593.twoColorable_of_threePartite' depends on axioms: [propext, Classical.choice, Quot.sound]
'Erdos593.C3exp_threePartite' depends on axioms: [propext, Quot.sound]
'Erdos593.C3exp_linear' depends on axioms: [propext, Quot.sound]
'Erdos593.C3exp_twoColorable' depends on axioms: [propext, Classical.choice, Quot.sound]
'Erdos593.K4exp_twoColorable' depends on axioms: [propext, Classical.choice, Quot.sound]
'Erdos593.exists_third' depends on axioms: [propext, Quot.sound]
'Erdos593.card_triple' depends on axioms: [propext, Quot.sound]
'Erdos593.K4exp_not_threePartite' depends on axioms: [propext, Classical.choice, Quot.sound]
'Erdos593.K4exp_not_linear' depends on axioms: [propext, Classical.choice, Quot.sound]
'Erdos593.sufficientDirection_false_of_EGH' depends on axioms: [propext, Classical.choice, Quot.sound]
'Erdos593.sufficientDirection_false_of_Komjath' depends on axioms: [propext, Classical.choice, Quot.sound]
'Erdos593.sufficientDirection_false_of_EHR' depends on axioms: [propext, Classical.choice, Quot.sound]
'Erdos593.characterization_false_of_EGH' depends on axioms: [propext, Classical.choice, Quot.sound]
'Erdos593.characterization_false_of_Komjath' depends on axioms: [propext, Classical.choice, Quot.sound]
'Erdos593.characterization_false_of_EHR' depends on axioms: [propext, Classical.choice, Quot.sound]
'Erdos593.necessaryDirection_true_of_Komjath' depends on axioms: [propext, Classical.choice, Quot.sound]
'Erdos593.outer_containment_strict' depends on axioms: [propext, Classical.choice, Quot.sound]
'Erdos593.upper_containment_strict' depends on axioms: [propext, Classical.choice, Quot.sound]
'Erdos593.edges_nonempty_of_large_chromatic' depends on axioms: [propext, Classical.choice, Quot.sound]
'Erdos593.oneEdge_obligatory' depends on axioms: [propext, Classical.choice, Quot.sound]
'Erdos593.subset_foldr_union' depends on axioms: [propext, Classical.choice, Quot.sound]
'Erdos593.not_looseForest_of_all_heavy' depends on axioms: [propext, Classical.choice, Quot.sound]
'Erdos593.C4mem' depends on axioms: [propext, Quot.sound]
'Erdos593.C4cases' depends on axioms: [propext, Quot.sound]
'Erdos593.C4exp_threePartite' depends on axioms: [propext, Quot.sound]
'Erdos593.C4exp_linear' depends on axioms: [propext, Quot.sound]
'Erdos593.C4exp_twoColorable' depends on axioms: [propext, Classical.choice, Quot.sound]
'Erdos593.C4exp_not_looseForest' depends on axioms: [propext, Classical.choice, Quot.sound]
'Erdos593.lower_containment_strict' depends on axioms: [propext, Classical.choice, Quot.sound]
'Erdos593.frontier_pinned' depends on axioms: [propext, Classical.choice, Quot.sound]
